INFO:__main__:ï¿½ï¿½ï¿½ï¿½ï¿½ï¿½ï¿½ï¿½
INFO:__main__:ï¿½ï¿½ï¿½ï¿½ï¿½ï¿½ï¿½ï¿½
INFO:__main__:ï¿½ï¿½ï¿½ï¿½ï¿½ï¿½ï¿½ï¿½1
INFO:__main__:¹þ¹þ¹þ¹þ1
